// Jest Snapshot v1, https://goo.gl/fbAQLP

exports[`Header snapshot 1`] = `
.emotion-2 {
  grid-area: S;
  display: -webkit-box;
  display: -webkit-flex;
  display: -ms-flexbox;
  display: flex;
  -webkit-flex-direction: row;
  -ms-flex-direction: row;
  flex-direction: row;
  -webkit-align-items: center;
  -webkit-box-align: center;
  -ms-flex-align: center;
  align-items: center;
  padding: 2px 8px;
  border: solid 2px #333;
  border-radius: 20px;
  background-color: #fafafa;
  box-sizing: border-box;
  height: 40px;
  min-width: 80px;
  -webkit-flex: 2 1;
  -ms-flex: 2 1;
  flex: 2 1;
}

.emotion-0 {
  fill: #333;
  -webkit-flex: 0 0 20px;
  -ms-flex: 0 0 20px;
  flex: 0 0 20px;
}

.emotion-1 {
  border-width: 0 !important;
  font-size: 14px;
  -webkit-flex: 1 1 100px;
  -ms-flex: 1 1 100px;
  flex: 1 1 100px;
  min-width: 60px;
  max-width: 320px;
  color: #000;
  background-color: #fafafa !important;
}

.emotion-3 {
  display: -webkit-box;
  display: -webkit-flex;
  display: -ms-flexbox;
  display: flex;
  -webkit-align-items: center;
  -webkit-box-align: center;
  -ms-flex-align: center;
  align-items: center;
  justify-self: center;
  font-size: 1em;
  font-weight: bold;
  color: black;
  margin-left: 24px;
  -webkit-text-decoration: none;
  text-decoration: none;
}

.emotion-3:hover {
  -webkit-text-decoration: none;
  text-decoration: none;
  background-color: #eee;
}

.emotion-3:focus {
  outline-offset: -3px;
}

<header
  className="page-header"
>
  <a
    aria-label="MDN Web Docs"
    className="logo"
    href="/en-US/"
  >
    <svg mock />
  </a>
  <nav
    className="main-nav"
    role="navigation"
  >
    <ul>
      <li
        className="top-level-entry-container"
      >
        <button
          aria-haspopup="true"
          className="top-level-entry"
          onTouchStart={[Function]}
          type="button"
        >
          Technologies
          <span
            aria-hidden="true"
            className="main-menu-arrow"
          >
            ‚ñº
          </span>
        </button>
        <ul
          className={null}
        >
          <li
            data-item="Technologies"
            role="menuitem"
          >
            <a
              href="/en-US/docs/Web"
            >
              Technologies Overview
            </a>
          </li>
          <li
            data-item="Technologies"
            role="menuitem"
          >
            <a
              href="/en-US/docs/Web/HTML"
            >
              HTML
            </a>
          </li>
          <li
            data-item="Technologies"
            role="menuitem"
          >
            <a
              href="/en-US/docs/Web/CSS"
            >
              CSS
            </a>
          </li>
          <li
            data-item="Technologies"
            role="menuitem"
          >
            <a
              href="/en-US/docs/Web/JavaScript"
            >
              JavaScript
            </a>
          </li>
          <li
            data-item="Technologies"
            role="menuitem"
          >
            <a
              href="/en-US/docs/Web/Guide/Graphics"
            >
              Graphics
            </a>
          </li>
          <li
            data-item="Technologies"
            role="menuitem"
          >
            <a
              href="/en-US/docs/Web/HTTP"
            >
              HTTP
            </a>
          </li>
          <li
            data-item="Technologies"
            role="menuitem"
          >
            <a
              href="/en-US/docs/Web/API"
            >
              APIs / DOM
            </a>
          </li>
          <li
            data-item="Technologies"
            role="menuitem"
          >
            <a
              href="/en-US/docs/Mozilla/Add-ons/WebExtensions"
            >
              Browser Extensions
            </a>
          </li>
          <li
            data-item="Technologies"
            role="menuitem"
          >
            <a
              href="/en-US/docs/Web/MathML"
            >
              MathML
            </a>
          </li>
        </ul>
      </li>
      <li
        className="top-level-entry-container"
      >
        <button
          aria-haspopup="true"
          className="top-level-entry"
          onTouchStart={[Function]}
          type="button"
        >
          References & Guides
          <span
            aria-hidden="true"
            className="main-menu-arrow"
          >
            ‚ñº
          </span>
        </button>
        <ul
          className={null}
        >
          <li
            data-item="References & Guides"
            role="menuitem"
          >
            <a
              href="/en-US/docs/Learn"
            >
              Learn web development
            </a>
          </li>
          <li
            data-item="References & Guides"
            role="menuitem"
          >
            <a
              href="/en-US/docs/Web/Tutorials"
            >
              Tutorials
            </a>
          </li>
          <li
            data-item="References & Guides"
            role="menuitem"
          >
            <a
              href="/en-US/docs/Web/Reference"
            >
              References
            </a>
          </li>
          <li
            data-item="References & Guides"
            role="menuitem"
          >
            <a
              href="/en-US/docs/Web/Guide"
            >
              Developer Guides
            </a>
          </li>
          <li
            data-item="References & Guides"
            role="menuitem"
          >
            <a
              href="/en-US/docs/Web/Accessibility"
            >
              Accessibility
            </a>
          </li>
          <li
            data-item="References & Guides"
            role="menuitem"
          >
            <a
              href="/en-US/docs/Games"
            >
              Game development
            </a>
          </li>
          <li
            data-item="References & Guides"
            role="menuitem"
          >
            <a
              href="/en-US/docs/Web"
            >
              ...more docs
            </a>
          </li>
        </ul>
      </li>
      <li
        className="top-level-entry-container"
      >
        <button
          aria-haspopup="true"
          className="top-level-entry"
          onTouchStart={[Function]}
          type="button"
        >
          Feedback
          <span
            aria-hidden="true"
            className="main-menu-arrow"
          >
            ‚ñº
          </span>
        </button>
        <ul
          className={null}
        >
          <li
            data-item="Feedback"
            role="menuitem"
          >
            <a
              href="/en-US/docs/MDN/Feedback"
            >
              Send Feedback
            </a>
          </li>
          <li
            data-item="Feedback"
            role="menuitem"
          >
            <a
              href="https://support.mozilla.org/"
              rel="noopener noreferrer"
              target="_blank"
            >
              Get Firefox help
               üåê
            </a>
          </li>
          <li
            data-item="Feedback"
            role="menuitem"
          >
            <a
              href="https://stackoverflow.com/"
              rel="noopener noreferrer"
              target="_blank"
            >
              Get web development help
               üåê
            </a>
          </li>
          <li
            data-item="Feedback"
            role="menuitem"
          >
            <a
              href="/en-US/docs/MDN/Community"
            >
              Join the MDN community
            </a>
          </li>
          <li
            data-item="Feedback"
            role="menuitem"
          >
            <a
              href="https://github.com/mdn/sprints/issues/new?template=issue-template.md&projects=mdn/sprints/2&labels=user-report&title=%2Fen-US%2Fdocs%2Ftest"
              rel="noopener noreferrer"
              target="_blank"
            >
              Report a content problem
               üåê
            </a>
          </li>
          <li
            data-item="Feedback"
            role="menuitem"
          >
            <a
              href="https://bugzilla.mozilla.org/form.mdn"
              rel="noopener noreferrer"
              target="_blank"
            >
              Report a bug
               üåê
            </a>
          </li>
        </ul>
      </li>
    </ul>
  </nav>
  <form
    action="/en-US/search"
    className="header-search emotion-2"
    id="nav-main-search"
    method="get"
    role="search"
  >
    <svg mock
      className="emotion-0"
    />
    <label
      className="visually-hidden"
      htmlFor="main-q"
    >
      Search MDN
    </label>
    <input
      className="emotion-1"
      id="main-q"
      name="q"
      placeholder="Search MDN"
      type="search"
    />
  </form>
  <a
    className="emotion-3"
    data-service="GitHub"
    href="/users/github/login/?next=/[fake%20absolute%20url]"
    rel="nofollow"
  >
    Sign in
  </a>
</header>
`;
