// Jest Snapshot v1, https://goo.gl/fbAQLP

exports[`LanguageMenu snapshot 1`] = `
<div
  className="dropdown-container"
>
  <button
    aria-haspopup="true"
    aria-label="Current language is English. Choose your preferred language."
    aria-owns="language-menu"
    className="dropdown-menu-label"
    id="header-language-menu"
    onFocus={[Function]}
    onMouseOver={[Function]}
    type="button"
  >
    English
    <span
      aria-hidden="true"
      className="dropdown-arrow-down"
    >
      ▼
    </span>
  </button>
  <ul
    className="dropdown-menu-items right"
    id="language-menu"
    role="menu"
  >
    <li
      lang="es"
      role="menuitem"
    >
      <a
        href="[fake spanish url]"
        title="Spanish"
      >
        <bdi>
          Español
        </bdi>
      </a>
    </li>
    <li>
      <a
        href="[fake translate url]"
        id="translations-add"
        rel="nofollow"
      >
        Add a translation
      </a>
    </li>
  </ul>
</div>
`;
