// Jest Snapshot v1, https://goo.gl/fbAQLP

exports[`Login component when user is logged in 1`] = `
<div
  className="auth-container"
>
  <div
    className="dropdown-container"
  >
    <button
      aria-haspopup="true"
      className="dropdown-menu-label"
      type="button"
    >
      <img
        alt="test-username"
        className="avatar"
        src="/static/img/avatar.png"
        srcSet="test-url 200w, test-url 50w"
      />
    </button>
    <ul
      className="dropdown-menu-items"
      role="menu"
      style={
        Object {
          "right": 0,
        }
      }
    >
      <li>
        <a
          href="/en-US/profiles/test-username"
        >
          View profile
        </a>
      </li>
      <li>
        <a
          href="/en-US/profiles/test-username/edit"
        >
          Edit profile
        </a>
      </li>
      <li>
        <form
          action="/en-US/users/signout"
          method="post"
        >
          <input
            name="next"
            type="hidden"
            value="/"
          />
          <button
            className="signout-button"
            type="submit"
          >
            Sign out
          </button>
        </form>
      </li>
    </ul>
  </div>
</div>
`;

exports[`Login component when user is not logged in 1`] = `
<a
  className="signin-link"
  data-service="GitHub"
  href="/users/account/signup-landing?next=/"
  rel="nofollow"
>
  Sign in
</a>
`;
